#-----------------------------------------------------------
# Webtalk v2020.2 (64-bit)
# SW Build 3064766 on Wed Nov 18 09:12:47 MST 2020
# IP Build 3064653 on Wed Nov 18 14:17:31 MST 2020
# Start of session at: Fri Jan 28 10:52:11 2022
# Process ID: 86913
# Current directory: /home/louart/Bureau/these/partie_pratique/experience/test_hls/sinus/vivado/sinus_step_start/sinus_step_start.sim/sim_1/behav/xsim
# Command line: wbtcv -mode batch -source /home/louart/Bureau/these/partie_pratique/experience/test_hls/sinus/vivado/sinus_step_start/sinus_step_start.sim/sim_1/behav/xsim/xsim.dir/design_1_wrapper_behav/webtalk/xsim_webtalk.tcl -notrace
# Log file: /home/louart/Bureau/these/partie_pratique/experience/test_hls/sinus/vivado/sinus_step_start/sinus_step_start.sim/sim_1/behav/xsim/webtalk.log
# Journal file: /home/louart/Bureau/these/partie_pratique/experience/test_hls/sinus/vivado/sinus_step_start/sinus_step_start.sim/sim_1/behav/xsim/webtalk.jou
#-----------------------------------------------------------
source /home/louart/Bureau/these/partie_pratique/experience/test_hls/sinus/vivado/sinus_step_start/sinus_step_start.sim/sim_1/behav/xsim/xsim.dir/design_1_wrapper_behav/webtalk/xsim_webtalk.tcl -notrace
